---
http_interactions:
- request:
    method: get
    uri: http://partner-feed.stubhub.com/listingCatalog/select/?q=stubhubDocumentType:%22ticket%22&rows=1&wt=json
    body:
      encoding: US-ASCII
      string: ''
    headers: {}
  response:
    status:
      code: 200
      message: OK
    headers:
      Server:
      - Apache
      Content-Length:
      - '1460'
      Content-Type:
      - application/json;charset=UTF-8
      Cache-Control:
      - public, max-age=7197
      Expires:
      - Thu, 20 Feb 2014 07:18:17 GMT
      Date:
      - Thu, 20 Feb 2014 05:18:20 GMT
      Connection:
      - keep-alive
    body:
      encoding: UTF-8
      string: |
        {"responseHeader":{"status":0,"QTime":99,"params":{"q":"stubhubDocumentType:\"ticket\"","wt":"json","rows":"1"}},"response":{"numFound":2681609,"start":0,"docs":[{"id":"497011621","stubhubDocumentId":"ticket-497011621","stubhubDocumentType":"ticket","time_left":"315d 0h 40m","date_last_modified":"2013-05-17T15:08:47Z","date_added":"2013-05-07T20:38:11Z","seller_id":"10024845","courier":"0","ticket_list_type_id":"1","ticket_list_type_desc":"Ticket","external_listing_id":"2002662","seller_cobrand":"topseller","section":"Block B","row_desc":"17","delivery_icon":"fedex","seats":"General Admission","sale_method":"1","quantity_remain":6,"quantity_facet_str":" tickets|6","quantity":6,"face_value":"30.0","ticket_split":2,"system_status":"ACTIVE","status":"0","ticket_medium_id":"1","curr_price":86.26,"curPr":86.26,"list_price":75.0,"priceGroups":"1","end_date":"2014-04-16T11:00:00Z","listing_source_id":"6","listing_source_name":"AutoBulkGen3","event_id":"4273141","currency_code":"GBP","split_option":"1","alias":"Arena B","venue_config_sections_id":"329133","hasAliasBool":true,"aliasStr":"1","zoneid":"64434","zonedesc":"Arena","showTicketKeyStr":"ticketACTIVE4273141","fm_dm_rules":["7,17,2.0,,2014-04-16T11:00:00Z","10,22,5.0,,2014-04-14T11:00:00Z"],"fm_dm_rules_desc":["LMS,Pickup - Event Day,2.0,,2014-04-16T11:00:00Z","UPS,UPS Worldwide Saver,5.0,,2014-04-14T11:00:00Z"],"dateLastIndexed":"2013-06-05T10:20:00Z","_version_":1436997512121548800}]}}
    http_version: 
  recorded_at: Thu, 20 Feb 2014 05:18:19 GMT
- request:
    method: get
    uri: http://partner-feed.stubhub.com/listingCatalog/select/?q=event_id:%224273141%22%20AND%20stubhubDocumentType:%22event%22&rows=999999&wt=json
    body:
      encoding: US-ASCII
      string: ''
    headers: {}
  response:
    status:
      code: 200
      message: OK
    headers:
      Server:
      - Apache
      Content-Length:
      - '6191'
      Content-Type:
      - application/json;charset=UTF-8
      Cache-Control:
      - public, max-age=7200
      Expires:
      - Thu, 20 Feb 2014 07:18:20 GMT
      Date:
      - Thu, 20 Feb 2014 05:18:20 GMT
      Connection:
      - keep-alive
    body:
      encoding: UTF-8
      string: |
        {"responseHeader":{"status":0,"QTime":5,"params":{"q":"event_id:\"4273141\" AND stubhubDocumentType:\"event\"","wt":"json","rows":"60000"}},"response":{"numFound":1,"start":0,"docs":[{"stubhubDocumentId":"event-4273141","stubhubDocumentType":"event","event_id":"4273141","act_primary":"Russell Howard","act_secondary":"Wonderbox","id":"4273141","active":"1","cancelled":"0","allowedtoconfirm":"1","allowedtosell":"1","ancestorGenreIds":"0 174 209 700105","ancestorGeoIds":"0 6628 201883 6629 172428","channel":"Theater tickets and Arts tickets","channelId":"174","channelUrlPath":"theater-tickets","channel_facet_str":"Theater tickets and Arts tickets|174","city":"London","date_confirm":"2013-04-22T08:31:49Z","date_inhand":"2013-04-23T08:31:49Z","date_last_modified":"2013-11-27T11:59:10Z","date_onsale":"2013-04-23T08:31:49Z","description":"Russell Howard Tickets","desc_sort":"Russell Howard Tickets","eventDate_facet_str":"April, 2014|2014-04","eventGenreParentDescription_facet_str":"Russell Howard Tickets|700105","eventGeoDescription":"London Royal Albert Hall","eventGeoDescription_text":"London Royal Albert Hall","eventLocation_facet_str":"Greater and Central London, London|6629","event_date":"2014-04-17T19:00:00Z","event_date_local":"2014-04-17","event_date_time_local":"2014-04-17T20:00:00Z","event_time_local":"20:00:00","event_type":"4273141, Wonderbox","evt_segmentation_id":"0","genreDateDesc":"Russell Howard, tickets, schedule,Comedy, Comedy tickets, Comedy, Comedy schedule, Comedy tickets online, ticket to Comedy, buy Comedy tickets, cheap Comedy tickets, buy, sell, tickets, show, stand-up comedy,stand up comedy, comedian,,theater tickets, theatre tickets, show tickets, theater events, broadway theater ticket, new york theater ticket, musical ticket","genreUrlPath":"russell-howard-tickets","genre_grand_parent_id":"209","genre_grand_parent_name":"Comedy Tickets","genre_parent":"700105","genre_parent_name":"Russell Howard Tickets","geoEventTypes":"","geoUrlPath":"london-royal-albert-hall-tickets","geography_parent":"172428","hide_event_date":"0","image_url":"stubhub_442179_LondonRoyalAlbertHall_StandardFlash.png","is_eticket_allowed":"0","is_integrated_team":"N","keywords":"Russell Howard, Wonderbox, Russell Howard London Royal Albert Hall, London Royal Albert Hall, Russell Howard London, Russell Howard London Royal Albert Hall London, Russell Howard 17/4/2014, Russell Howard April 17 tickets, buy, sell","last_chance":"2014-04-17T19:00:00Z","maxPrice":137.0,"maxSeatsTogether":6.0,"meta_description":"Russell Howard London Tickets - Buy and sell Russell Howard London Royal Albert Hall Tickets for 4 April at London Royal Albert Hall in London at StubHub!","minPrice":51.76,"minSeatsTogether":1.0,"name_primary":"Russell Howard London","name_secondary":"Russell Howard","nickname":"comedy","seo_description":"Russell Howard 08:00 at London Royal Albert Hall","seo_title":"Russell Howard London Royal Albert Hall London Tickets - 17/4/2014","spark_event_flag":"0","state":"LND","threeLevelsUpIds":"700105 209 174","title":"Russell Howard London 17/4/2014 Tickets - Russell Howard London Royal Albert Hall Tickets at StubHub!","totalPostings":28,"totalTickets":125.0,"type_id":"0","urlpath":"russell-howard-london-london-royal-albert-hall-17-4-2014-4273141","urlpathid":"2320816","venue_config_id":"442179","venue_name":"London Royal Albert Hall","venue_name_text":"London Royal Albert Hall","venueconfigurationid":"442179","zip":"SW72AP","zoneDescriptions":"|Arena |Choir |Circle |Gallery |Grand Tier |Grand Tier Boxes |Loggia |Loggia Boxes |Restricted |Second Tier |Second Tier Boxes |Stalls |The Queens Box","zoneIds":"64434 64436 64437 64439 86091 64441 86090 64440 64438 86092 64442 64435 86093","defaultDomain":"stubhub.co.uk","allowedViewingDomain":["stubhub.co.uk"],"genreStartingAlphabet":["r"],"is_event_package":"0","latitude":51.50039,"longitude":-0.1756568,"lat_lon":"51.5003892,-0.1756568","date_added":"2013-04-23T08:31:49Z","event_status_id":2,"ancestorGenreDescriptions":["All tickets","Theater tickets and Arts tickets","Comedy Tickets","Russell Howard Tickets"],"ancestorGeoDescriptions":["By Geography","United Kingdom","Greater and Central London","London","London Royal Albert Hall"],"timezone":"GMT","timezone_id":"8","venue_config_name":"Standard Seating - Dynamic","updateInitiatedTimestamp":"2014-02-20T04:01:01.705Z","book_of_business_id":2,"currency_code":"GBP","event_config_template_id":"12","event_config_template":"Comedy","venue_configuration_version":"8","locale":["en_GB"],"keywords_en_GB":"Russell Howard, Wonderbox, Russell Howard London Royal Albert Hall, London Royal Albert Hall, Russell Howard London, Russell Howard London Royal Albert Hall London, Russell Howard 17/4/2014, Russell Howard April 17 tickets, buy, sell","event_type_en_GB":"4273141, Wonderbox","seo_title_en_GB":"Russell Howard London Royal Albert Hall London Tickets - 17/4/2014","seo_description_en_GB":"Russell Howard 08:00 at London Royal Albert Hall","name_primary_en_GB":"Russell Howard London","name_secondary_en_GB":"Russell Howard","act_primary_en_GB":"Russell Howard","act_secondary_en_GB":"Wonderbox","title_en_GB":"Russell Howard London 17/4/2014 Tickets - Russell Howard London Royal Albert Hall Tickets at StubHub!","meta_description_en_GB":"Russell Howard London Tickets - Buy and sell Russell Howard London Royal Albert Hall Tickets for 4 April at London Royal Albert Hall in London at StubHub!","event_description_en_GB":"Russell Howard Tickets","jdk_timezone":"Europe/London","date_true_onsale":"2013-04-23T12:00:00Z","ptv_integrated_event_ind":0,"venueDetailUrlPath":"london-royal-albert-hall","access_control_method":0,"is_scrubbing_enabled":"1","view_from_section_ind":1,"bundled_type":"2","hide_event_time":0,"minListPrice":45.0,"venue_config_map_type":5,"addr1":"Kensington Gore","country":"GB","ancestorCategoryPath":"174/209","ancestorPerformerPath":"700105","ancestorCategoryDescriptions":["Theater tickets and Arts tickets","Comedy Tickets"],"ancestorPerformerDescriptions":["Russell Howard Tickets"],"ancestorGeoPath":"6628/201883/6629","dateLastIndexed":"2014-02-20T04:06:09.174Z","_version_":1460529191638269952}]}}
    http_version: 
  recorded_at: Thu, 20 Feb 2014 05:18:20 GMT
- request:
    method: get
    uri: http://partner-feed.stubhub.com/listingCatalog/select/?q=event_id:%224273141%22%20AND%20stubhubDocumentType:%22ticket%22&rows=2&wt=json
    body:
      encoding: US-ASCII
      string: ''
    headers: {}
  response:
    status:
      code: 200
      message: OK
    headers:
      Server:
      - Apache
      Content-Length:
      - '2774'
      Content-Type:
      - application/json;charset=UTF-8
      Cache-Control:
      - public, max-age=7156
      Expires:
      - Thu, 20 Feb 2014 07:17:36 GMT
      Date:
      - Thu, 20 Feb 2014 05:18:20 GMT
      Connection:
      - keep-alive
    body:
      encoding: UTF-8
      string: |
        {"responseHeader":{"status":0,"QTime":1,"params":{"q":"event_id:\"4273141\" AND stubhubDocumentType:\"ticket\"","wt":"json","rows":"2"}},"response":{"numFound":32,"start":0,"docs":[{"id":"497011621","stubhubDocumentId":"ticket-497011621","stubhubDocumentType":"ticket","time_left":"315d 0h 40m","date_last_modified":"2013-05-17T15:08:47Z","date_added":"2013-05-07T20:38:11Z","seller_id":"10024845","courier":"0","ticket_list_type_id":"1","ticket_list_type_desc":"Ticket","external_listing_id":"2002662","seller_cobrand":"topseller","section":"Block B","row_desc":"17","delivery_icon":"fedex","seats":"General Admission","sale_method":"1","quantity_remain":6,"quantity_facet_str":" tickets|6","quantity":6,"face_value":"30.0","ticket_split":2,"system_status":"ACTIVE","status":"0","ticket_medium_id":"1","curr_price":86.26,"curPr":86.26,"list_price":75.0,"priceGroups":"1","end_date":"2014-04-16T11:00:00Z","listing_source_id":"6","listing_source_name":"AutoBulkGen3","event_id":"4273141","currency_code":"GBP","split_option":"1","alias":"Arena B","venue_config_sections_id":"329133","hasAliasBool":true,"aliasStr":"1","zoneid":"64434","zonedesc":"Arena","showTicketKeyStr":"ticketACTIVE4273141","fm_dm_rules":["7,17,2.0,,2014-04-16T11:00:00Z","10,22,5.0,,2014-04-14T11:00:00Z"],"fm_dm_rules_desc":["LMS,Pickup - Event Day,2.0,,2014-04-16T11:00:00Z","UPS,UPS Worldwide Saver,5.0,,2014-04-14T11:00:00Z"],"dateLastIndexed":"2013-06-05T10:20:00Z","_version_":1436997512121548800},{"id":"497011627","stubhubDocumentId":"ticket-497011627","stubhubDocumentType":"ticket","time_left":"315d 0h 40m","date_last_modified":"2013-05-17T15:08:46Z","date_added":"2013-05-07T20:38:11Z","seller_id":"10024845","courier":"0","ticket_list_type_id":"1","ticket_list_type_desc":"Ticket","external_listing_id":"2002663","seller_cobrand":"topseller","section":"Block E","row_desc":"17","delivery_icon":"fedex","seats":"General Admission","sale_method":"1","quantity_remain":4,"quantity_facet_str":" tickets|4","quantity":4,"face_value":"30.0","ticket_split":2,"system_status":"ACTIVE","status":"0","ticket_medium_id":"1","curr_price":86.26,"curPr":86.26,"list_price":75.0,"priceGroups":"1","end_date":"2014-04-16T11:00:00Z","listing_source_id":"6","listing_source_name":"AutoBulkGen3","event_id":"4273141","currency_code":"GBP","split_option":"1","alias":"Arena E","venue_config_sections_id":"329134","hasAliasBool":true,"aliasStr":"1","zoneid":"64434","zonedesc":"Arena","showTicketKeyStr":"ticketACTIVE4273141","fm_dm_rules":["7,17,2.0,,2014-04-16T11:00:00Z","10,22,5.0,,2014-04-14T11:00:00Z"],"fm_dm_rules_desc":["LMS,Pickup - Event Day,2.0,,2014-04-16T11:00:00Z","UPS,UPS Worldwide Saver,5.0,,2014-04-14T11:00:00Z"],"dateLastIndexed":"2013-06-05T10:20:00Z","_version_":1436997512128888832}]}}
    http_version: 
  recorded_at: Thu, 20 Feb 2014 05:18:20 GMT
- request:
    method: get
    uri: http://partner-feed.stubhub.com/listingCatalog/select/?q=description:%22above%20and%20beyond%22%20AND%20stubhubDocumentType:%22event%22&rows=999999&wt=json
    body:
      encoding: US-ASCII
      string: ''
    headers: {}
  response:
    status:
      code: 200
      message: OK
    headers:
      Server:
      - Apache
      Content-Type:
      - application/json;charset=UTF-8
      Cache-Control:
      - public, max-age=7147
      Expires:
      - Thu, 20 Feb 2014 07:17:27 GMT
      Date:
      - Thu, 20 Feb 2014 05:18:20 GMT
      Transfer-Encoding:
      - chunked
      Connection:
      - Transfer-Encoding
      - keep-alive
    body:
      encoding: UTF-8
      string: |
        {"responseHeader":{"status":0,"QTime":3,"params":{"q":"description:\"above and beyond\" AND stubhubDocumentType:\"event\"","wt":"json","rows":"60000"}},"response":{"numFound":9,"start":0,"docs":[{"stubhubDocumentId":"event-4466897","stubhubDocumentType":"event","event_id":"4466897","act_primary":"Above and Beyond","id":"4466897","active":"0","cancelled":"0","allowedtoconfirm":"1","allowedtosell":"0","ancestorGenreIds":"0 1 63910 494083","ancestorGeoIds":"0 196976 692 693 106902","channel":"Concert tickets","channelId":"1","channelUrlPath":"concert-tickets","channel_facet_str":"Concert tickets|1","city":"Seattle","date_confirm":"2014-02-13T10:37:33Z","date_inhand":"2014-02-08T04:00:00Z","date_last_modified":"2014-02-16T04:44:13Z","date_onsale":"2014-02-14T10:37:33Z","description":"Above and Beyond Tickets","desc_sort":"Above and Beyond Tickets","eventDate_facet_str":"February, 2014|2014-02","eventGenreParentDescription_facet_str":"Above and Beyond Tickets|494083","eventGeoDescription":"Showbox Sodo","eventGeoDescription_text":"Showbox Sodo","eventLocation_facet_str":"Washington, Seattle|693","event_date":"2014-02-16T04:00:00Z","event_date_local":"2014-02-15","event_date_time_local":"2014-02-15T20:00:00Z","event_time_local":"20:00:00","event_type":"4466897, ","evt_segmentation_id":"0","genreDateDesc":"music-genre-dance-music-tickets,,Concert ticket, concert tickets, buy, sell, ticket, tickets","genreUrlPath":"above-and-beyond-tickets","genre_grand_parent_id":"63910","genre_grand_parent_name":"Artists A - C","genre_parent":"494083","genre_parent_name":"Above and Beyond Tickets","geoEventTypes":"clubs-bars-theater-venues","geoUrlPath":"showbox-sodo-tickets","geography_parent":"106902","hide_event_date":"0","image_url":"stubhub_161380_GA_generic.png","is_eticket_allowed":"0","is_integrated_team":"Y","keywords":"Above and Beyond, , Above and Beyond Showbox Sodo, Above and Beyond Seattle,Above and Beyond Concert, buy, sell, ticket, tickets","last_chance":"2014-02-16T04:00:00Z","maxPrice":0.0,"maxSeatsTogether":0.0,"meta_description":"Above and Beyond Showbox Sodo Tickets - Buy and sell Above and Beyond Seattle Tickets for February 15 at Showbox Sodo in Seattle, WA on StubHub!","minPrice":0.0,"minSeatsTogether":0.0,"name_primary":"Showbox Sodo","name_secondary":"Above and Beyond","nickname":"concerts","seo_description":"Above and Beyond at Showbox Sodo","seo_title":"Above and Beyond Showbox Sodo Seattle Tickets - 2014-2-15","spark_event_flag":"0","state":"WA","threeLevelsUpIds":"494083 63910 1","title":"Above and Beyond Seattle Tickets - Above and Beyond 02/15/2014 Showbox Sodo Tickets on StubHub!","totalPostings":0,"totalTickets":0.0,"type_id":"0","urlpath":"above-and-beyond-seattle-showbox-sodo-15-2-2014-4466897","urlpathid":"2523795","venue_config_id":"161380","venue_name":"Showbox Sodo","venue_name_text":"Showbox Sodo","venueconfigurationid":"161380","zip":"98134","zoneDescriptions":"|GA","zoneIds":"93095","defaultDomain":"stubhub.com","allowedViewingDomain":["stubhub.com"],"EnableApplePassbook":"true","artistPrimaryStyle":"195489","genreStartingAlphabet":["a"],"is_event_package":"0","latitude":47.58795,"longitude":-122.333694,"lat_lon":"47.587952,-122.333694","date_added":"2014-02-14T10:37:33Z","event_status_id":5,"ancestorGenreDescriptions":["All tickets","Concert tickets","Artists A - C","Above and Beyond Tickets"],"ancestorGeoDescriptions":["By Geography","United States","Washington","Seattle","Showbox Sodo"],"timezone":"PST","timezone_id":"5","venue_config_name":"General - Dynamic","updateInitiatedTimestamp":"2014-02-20T04:00:53.557Z","book_of_business_id":1,"currency_code":"USD","event_config_template_id":"1","event_config_template":"Concert","venue_configuration_version":"5","locale":["en_US"],"keywords_en_US":"Above and Beyond, , Above and Beyond Showbox Sodo, Above and Beyond Seattle,Above and Beyond Concert, buy, sell, ticket, tickets","event_type_en_US":"4466897, ","seo_title_en_US":"Above and Beyond Showbox Sodo Seattle Tickets - 2014-2-15","seo_description_en_US":"Above and Beyond at Showbox Sodo","name_primary_en_US":"Showbox Sodo","name_secondary_en_US":"Above and Beyond","act_primary_en_US":"Above and Beyond","title_en_US":"Above and Beyond Seattle Tickets - Above and Beyond 02/15/2014 Showbox Sodo Tickets on StubHub!","meta_description_en_US":"Above and Beyond Showbox Sodo Tickets - Buy and sell Above and Beyond Seattle Tickets for February 15 at Showbox Sodo in Seattle, WA on StubHub!","event_description_en_US":"Above and Beyond Tickets","jdk_timezone":"US/Pacific","ptv_integrated_event_ind":1,"venueDetailUrlPath":"showbox-sodo","access_control_method":0,"is_scrubbing_enabled":"1","view_from_section_ind":1,"bundled_type":"2","hide_event_time":0,"minListPrice":0.0,"venue_config_map_type":5,"addr1":"1700 1st Ave. South","country":"US","ancestorCategoryPath":"1","ancestorGroupingPath":"63910","ancestorPerformerPath":"494083","ancestorGroupingDescriptions":["Artists A - C"],"ancestorCategoryDescriptions":["Concert tickets"],"ancestorPerformerDescriptions":["Above and Beyond Tickets"],"ancestorGeoPath":"196976/692/693","dateLastIndexed":"2014-02-20T04:02:54.249Z","_version_":1460528985703186432},{"stubhubDocumentId":"event-4438230","stubhubDocumentType":"event","event_id":"4438230","act_primary":"Above and Beyond","id":"4438230","active":"0","cancelled":"0","allowedtoconfirm":"1","allowedtosell":"0","ancestorGenreIds":"0 1 63910 494083","ancestorGeoIds":"0 196976 724 78083 214620","channel":"Concert tickets","channelId":"1","channelUrlPath":"concert-tickets","channel_facet_str":"Concert tickets|1","city":"Atlantic City","date_confirm":"2013-12-25T16:45:38Z","date_inhand":"2013-12-26T16:45:38Z","date_last_modified":"2014-02-01T04:00:20Z","date_onsale":"2013-12-26T16:45:38Z","description":"Above and Beyond Tickets (21+ Event)","desc_sort":"Above and Beyond Tickets (21+ Event)","eventDate_facet_str":"January, 2014|2014-01","eventGenreParentDescription_facet_str":"Above and Beyond Tickets|494083","eventGeoDescription":"HQ Nightclub","eventGeoDescription_text":"HQ Nightclub","eventLocation_facet_str":"New Jersey, Atlantic City|78083","event_date":"2014-02-01T03:00:00Z","event_date_local":"2014-01-31","event_date_time_local":"2014-01-31T22:00:00Z","event_time_local":"22:00:00","event_type":"4438230,","evt_segmentation_id":"0","genreDateDesc":"music-genre-dance-music-tickets,,Concert ticket, concert tickets, buy, sell, ticket, tickets","genreUrlPath":"above-and-beyond-tickets","genre_grand_parent_id":"63910","genre_grand_parent_name":"Artists A - C","genre_parent":"494083","genre_parent_name":"Above and Beyond Tickets","geoEventTypes":"clubs-bars-theater-venues","geoUrlPath":"hq-nightclub-tickets","geography_parent":"214620","hide_event_date":"0","is_eticket_allowed":"0","is_integrated_team":"N","keywords":"Above and Beyond, , Above and Beyond HQ Nightclub, Above and Beyond Atlantic City,Above and Beyond Concert, buy, sell, ticket, tickets","last_chance":"2014-02-01T03:00:00Z","maxPrice":0.0,"maxSeatsTogether":0.0,"meta_description":"Above and Beyond HQ Nightclub Tickets - Buy and sell Above and Beyond Atlantic City Tickets for January 31 at HQ Nightclub in Atlantic City, NJ on StubHub!","minPrice":0.0,"minSeatsTogether":0.0,"name_primary":"HQ Nightclub","name_secondary":"Above and Beyond","nickname":"concerts","seo_description":"Above and Beyond at HQ Nightclub","seo_title":"Above and Beyond HQ Nightclub Atlantic City Tickets - 2014-1-31","spark_event_flag":"0","state":"NJ","threeLevelsUpIds":"494083 63910 1","title":"Above and Beyond Atlantic City Tickets - Above and Beyond 01/31/2014 HQ Nightclub Tickets on StubHub!","totalPostings":0,"totalTickets":0.0,"type_id":"0","urlpath":"above-and-beyond-atlantic-city-hq-nightclub-31-1-2014-4438230","urlpathid":"2493201","venue_config_id":"601000","venue_name":"HQ Nightclub","venue_name_text":"HQ Nightclub","venueconfigurationid":"601000","zip":"08401","defaultDomain":"stubhub.com","allowedViewingDomain":["stubhub.com"],"artistPrimaryStyle":"195489","genreStartingAlphabet":["a"],"is_event_package":"0","latitude":39.361656,"longitude":-74.41358,"lat_lon":"39.36165601,-74.41358","date_added":"2013-12-26T16:45:38Z","event_status_id":5,"ancestorGenreDescriptions":["All tickets","Concert tickets","Artists A - C","Above and Beyond Tickets"],"ancestorGeoDescriptions":["By Geography","United States","New Jersey","Atlantic City","HQ Nightclub"],"timezone":"EST","timezone_id":"2","venue_config_name":"General Admission","updateInitiatedTimestamp":"2014-02-20T04:01:06.327Z","book_of_business_id":1,"currency_code":"USD","event_config_template_id":"1","event_config_template":"Concert","locale":["en_US"],"keywords_en_US":"Above and Beyond, , Above and Beyond HQ Nightclub, Above and Beyond Atlantic City,Above and Beyond Concert, buy, sell, ticket, tickets","event_type_en_US":"4438230,","seo_title_en_US":"Above and Beyond HQ Nightclub Atlantic City Tickets - 2014-1-31","seo_description_en_US":"Above and Beyond at HQ Nightclub","name_primary_en_US":"HQ Nightclub","name_secondary_en_US":"Above and Beyond","act_primary_en_US":"Above and Beyond","title_en_US":"Above and Beyond Atlantic City Tickets - Above and Beyond 01/31/2014 HQ Nightclub Tickets on StubHub!","meta_description_en_US":"Above and Beyond HQ Nightclub Tickets - Buy and sell Above and Beyond Atlantic City Tickets for January 31 at HQ Nightclub in Atlantic City, NJ on StubHub!","event_description_en_US":"Above and Beyond Tickets (21+ Event)","jdk_timezone":"US/Eastern","ptv_integrated_event_ind":0,"venueDetailUrlPath":"hq-nightclub","access_control_method":0,"is_scrubbing_enabled":"0","view_from_section_ind":0,"bundled_type":"2","hide_event_time":0,"minListPrice":0.0,"venue_config_map_type":0,"addr1":"500 Boardwalk","country":"US","ancestorCategoryPath":"1","ancestorGroupingPath":"63910","ancestorPerformerPath":"494083","ancestorGroupingDescriptions":["Artists A - C"],"ancestorCategoryDescriptions":["Concert tickets"],"ancestorPerformerDescriptions":["Above and Beyond Tickets"],"ancestorGeoPath":"196976/724/78083","dateLastIndexed":"2014-02-20T04:04:46.165Z","_version_":1460529095034011648},{"stubhubDocumentId":"event-4461401","stubhubDocumentType":"event","event_id":"4461401","act_primary":"Above and Beyond","id":"4461401","active":"1","cancelled":"0","allowedtoconfirm":"1","allowedtosell":"1","ancestorGenreIds":"0 1 63910 494083","ancestorGeoIds":"0 196976 688 689 214226","channel":"Concert tickets","channelId":"1","channelUrlPath":"concert-tickets","channel_facet_str":"Concert tickets|1","city":"Las Vegas","date_confirm":"2014-02-02T21:48:19Z","date_inhand":"2014-02-03T21:48:19Z","date_last_modified":"2014-02-03T21:48:27Z","date_onsale":"2014-02-03T21:48:19Z","description":"Above and Beyond Tickets (21+ Event)","desc_sort":"Above and Beyond Tickets (21+ Event)","eventDate_facet_str":"March, 2014|2014-03","eventGenreParentDescription_facet_str":"Above and Beyond Tickets|494083","eventGeoDescription":"Hakkasan at MGM Grand","eventGeoDescription_text":"Hakkasan at MGM Grand","eventLocation_facet_str":"Nevada, Las Vegas|689","event_date":"2014-03-08T06:30:00Z","event_date_local":"2014-03-07","event_date_time_local":"2014-03-07T22:30:00Z","event_time_local":"22:30:00","event_type":"4461401,","evt_segmentation_id":"0","genreDateDesc":"music-genre-dance-music-tickets,,Concert ticket, concert tickets, buy, sell, ticket, tickets","genreUrlPath":"above-and-beyond-tickets","genre_grand_parent_id":"63910","genre_grand_parent_name":"Artists A - C","genre_parent":"494083","genre_parent_name":"Above and Beyond Tickets","geoEventTypes":"other-venues","geoUrlPath":"hakkasan-at-mgm-grand-tickets","geography_parent":"214226","hide_event_date":"0","image_url":"stubhub_601174_NightclubMaleFemaleGA_TextOnly.png","is_eticket_allowed":"0","is_integrated_team":"N","keywords":"Above and Beyond, , Above and Beyond Hakkasan at MGM Grand, Above and Beyond Las Vegas,Above and Beyond Concert, buy, sell, ticket, tickets","last_chance":"2014-03-08T06:30:00Z","maxPrice":115.0,"maxSeatsTogether":5.0,"meta_description":"Above and Beyond Hakkasan at MGM Grand Tickets - Buy and sell Above and Beyond Las Vegas Tickets for March 7 at Hakkasan at MGM Grand in Las Vegas, NV on StubHub!","minPrice":115.3,"minSeatsTogether":4.0,"name_primary":"Hakkasan at MGM Grand","name_secondary":"Above and Beyond","nickname":"concerts","seo_description":"Above and Beyond at Hakkasan at MGM Grand","seo_title":"Above and Beyond Hakkasan at MGM Grand Las Vegas Tickets - 2014-3-7","spark_event_flag":"0","state":"NV","threeLevelsUpIds":"494083 63910 1","title":"Above and Beyond Las Vegas Tickets - Above and Beyond 03/07/2014 Hakkasan at MGM Grand Tickets on StubHub!","totalPostings":2,"totalTickets":9.0,"type_id":"0","urlpath":"above-and-beyond-las-vegas-hakkasan-at-mgm-grand-7-3-2014-4461401","urlpathid":"2517934","venue_config_id":"601174","venue_name":"Hakkasan at MGM Grand","venue_name_text":"Hakkasan at MGM Grand","venueconfigurationid":"601174","zip":"89109","defaultDomain":"stubhub.com","allowedViewingDomain":["stubhub.com"],"artistPrimaryStyle":"195489","genreStartingAlphabet":["a"],"is_event_package":"0","latitude":36.10248,"longitude":-115.17148,"lat_lon":"36.10248184,-115.17148","date_added":"2014-02-03T21:48:19Z","event_status_id":2,"ancestorGenreDescriptions":["All tickets","Concert tickets","Artists A - C","Above and Beyond Tickets"],"ancestorGeoDescriptions":["By Geography","United States","Nevada","Las Vegas","Hakkasan at MGM Grand"],"timezone":"PST","timezone_id":"5","venue_config_name":"Male Female GA","updateInitiatedTimestamp":"2014-02-20T04:00:53.566Z","book_of_business_id":1,"currency_code":"USD","event_config_template_id":"1","event_config_template":"Concert","locale":["en_US"],"keywords_en_US":"Above and Beyond, , Above and Beyond Hakkasan at MGM Grand, Above and Beyond Las Vegas,Above and Beyond Concert, buy, sell, ticket, tickets","event_type_en_US":"4461401,","seo_title_en_US":"Above and Beyond Hakkasan at MGM Grand Las Vegas Tickets - 2014-3-7","seo_description_en_US":"Above and Beyond at Hakkasan at MGM Grand","name_primary_en_US":"Hakkasan at MGM Grand","name_secondary_en_US":"Above and Beyond","act_primary_en_US":"Above and Beyond","title_en_US":"Above and Beyond Las Vegas Tickets - Above and Beyond 03/07/2014 Hakkasan at MGM Grand Tickets on StubHub!","meta_description_en_US":"Above and Beyond Hakkasan at MGM Grand Tickets - Buy and sell Above and Beyond Las Vegas Tickets for March 7 at Hakkasan at MGM Grand in Las Vegas, NV on StubHub!","event_description_en_US":"Above and Beyond Tickets (21+ Event)","jdk_timezone":"US/Pacific","ptv_integrated_event_ind":0,"venueDetailUrlPath":"hakkasan-at-mgm-grand","access_control_method":0,"is_scrubbing_enabled":"0","view_from_section_ind":0,"bundled_type":"2","hide_event_time":0,"minListPrice":103.0,"venue_config_map_type":0,"addr1":"3799 South Las Vegas Boulevard","country":"US","ancestorCategoryPath":"1","ancestorGroupingPath":"63910","ancestorPerformerPath":"494083","ancestorGroupingDescriptions":["Artists A - C"],"ancestorCategoryDescriptions":["Concert tickets"],"ancestorPerformerDescriptions":["Above and Beyond Tickets"],"ancestorGeoPath":"196976/688/689","dateLastIndexed":"2014-02-20T04:04:18.354Z","_version_":1460529068440027136},{"stubhubDocumentId":"event-4461399","stubhubDocumentType":"event","event_id":"4461399","act_primary":"Above and Beyond","id":"4461399","active":"0","cancelled":"0","allowedtoconfirm":"1","allowedtosell":"0","ancestorGenreIds":"0 1 63910 494083","ancestorGeoIds":"0 196976 688 689 214226","channel":"Concert tickets","channelId":"1","channelUrlPath":"concert-tickets","channel_facet_str":"Concert tickets|1","city":"Las Vegas","date_confirm":"2014-02-02T21:47:56Z","date_inhand":"2014-02-03T21:47:56Z","date_last_modified":"2014-02-15T06:55:50Z","date_onsale":"2014-02-03T21:47:56Z","description":"Above and Beyond Tickets (21+ Event)","desc_sort":"Above and Beyond Tickets (21+ Event)","eventDate_facet_str":"February, 2014|2014-02","eventGenreParentDescription_facet_str":"Above and Beyond Tickets|494083","eventGeoDescription":"Hakkasan at MGM Grand","eventGeoDescription_text":"Hakkasan at MGM Grand","eventLocation_facet_str":"Nevada, Las Vegas|689","event_date":"2014-02-15T06:30:00Z","event_date_local":"2014-02-14","event_date_time_local":"2014-02-14T22:30:00Z","event_time_local":"22:30:00","event_type":"4461399,","evt_segmentation_id":"0","genreDateDesc":"music-genre-dance-music-tickets,,Concert ticket, concert tickets, buy, sell, ticket, tickets","genreUrlPath":"above-and-beyond-tickets","genre_grand_parent_id":"63910","genre_grand_parent_name":"Artists A - C","genre_parent":"494083","genre_parent_name":"Above and Beyond Tickets","geoEventTypes":"other-venues","geoUrlPath":"hakkasan-at-mgm-grand-tickets","geography_parent":"214226","hide_event_date":"0","image_url":"stubhub_601174_NightclubMaleFemaleGA_TextOnly.png","is_eticket_allowed":"0","is_integrated_team":"N","keywords":"Above and Beyond, , Above and Beyond Hakkasan at MGM Grand, Above and Beyond Las Vegas,Above and Beyond Concert, buy, sell, ticket, tickets","last_chance":"2014-02-15T06:30:00Z","maxPrice":0.0,"maxSeatsTogether":0.0,"meta_description":"Above and Beyond Hakkasan at MGM Grand Tickets - Buy and sell Above and Beyond Las Vegas Tickets for February 14 at Hakkasan at MGM Grand in Las Vegas, NV on StubHub!","minPrice":0.0,"minSeatsTogether":0.0,"name_primary":"Hakkasan at MGM Grand","name_secondary":"Above and Beyond","nickname":"concerts","seo_description":"Above and Beyond at Hakkasan at MGM Grand","seo_title":"Above and Beyond Hakkasan at MGM Grand Las Vegas Tickets - 2014-2-14","spark_event_flag":"0","state":"NV","threeLevelsUpIds":"494083 63910 1","title":"Above and Beyond Las Vegas Tickets - Above and Beyond 02/14/2014 Hakkasan at MGM Grand Tickets on StubHub!","totalPostings":0,"totalTickets":0.0,"type_id":"0","urlpath":"above-and-beyond-las-vegas-hakkasan-at-mgm-grand-14-2-2014-4461399","urlpathid":"2517932","venue_config_id":"601174","venue_name":"Hakkasan at MGM Grand","venue_name_text":"Hakkasan at MGM Grand","venueconfigurationid":"601174","zip":"89109","defaultDomain":"stubhub.com","allowedViewingDomain":["stubhub.com"],"artistPrimaryStyle":"195489","genreStartingAlphabet":["a"],"is_event_package":"0","latitude":36.10248,"longitude":-115.17148,"lat_lon":"36.10248184,-115.17148","date_added":"2014-02-03T21:47:56Z","event_status_id":5,"ancestorGenreDescriptions":["All tickets","Concert tickets","Artists A - C","Above and Beyond Tickets"],"ancestorGeoDescriptions":["By Geography","United States","Nevada","Las Vegas","Hakkasan at MGM Grand"],"timezone":"PST","timezone_id":"5","venue_config_name":"Male Female GA","updateInitiatedTimestamp":"2014-02-20T04:01:06.326Z","book_of_business_id":1,"currency_code":"USD","event_config_template_id":"1","event_config_template":"Concert","locale":["en_US"],"keywords_en_US":"Above and Beyond, , Above and Beyond Hakkasan at MGM Grand, Above and Beyond Las Vegas,Above and Beyond Concert, buy, sell, ticket, tickets","event_type_en_US":"4461399,","seo_title_en_US":"Above and Beyond Hakkasan at MGM Grand Las Vegas Tickets - 2014-2-14","seo_description_en_US":"Above and Beyond at Hakkasan at MGM Grand","name_primary_en_US":"Hakkasan at MGM Grand","name_secondary_en_US":"Above and Beyond","act_primary_en_US":"Above and Beyond","title_en_US":"Above and Beyond Las Vegas Tickets - Above and Beyond 02/14/2014 Hakkasan at MGM Grand Tickets on StubHub!","meta_description_en_US":"Above and Beyond Hakkasan at MGM Grand Tickets - Buy and sell Above and Beyond Las Vegas Tickets for February 14 at Hakkasan at MGM Grand in Las Vegas, NV on StubHub!","event_description_en_US":"Above and Beyond Tickets (21+ Event)","jdk_timezone":"US/Pacific","ptv_integrated_event_ind":0,"venueDetailUrlPath":"hakkasan-at-mgm-grand","access_control_method":0,"is_scrubbing_enabled":"0","view_from_section_ind":0,"bundled_type":"2","hide_event_time":0,"minListPrice":0.0,"venue_config_map_type":0,"addr1":"3799 South Las Vegas Boulevard","country":"US","ancestorCategoryPath":"1","ancestorGroupingPath":"63910","ancestorPerformerPath":"494083","ancestorGroupingDescriptions":["Artists A - C"],"ancestorCategoryDescriptions":["Concert tickets"],"ancestorPerformerDescriptions":["Above and Beyond Tickets"],"ancestorGeoPath":"196976/688/689","dateLastIndexed":"2014-02-20T04:04:18.354Z","_version_":1460529070329561088},{"stubhubDocumentId":"event-4455175","stubhubDocumentType":"event","event_id":"4455175","act_primary":"Above and Beyond","id":"4455175","active":"0","cancelled":"0","allowedtoconfirm":"1","allowedtosell":"0","ancestorGenreIds":"0 1 63910 494083","ancestorGeoIds":"0 196976 688 689 214226","channel":"Concert tickets","channelId":"1","channelUrlPath":"concert-tickets","channel_facet_str":"Concert tickets|1","city":"Las Vegas","date_confirm":"2014-01-21T19:35:32Z","date_inhand":"2014-01-16T06:30:00Z","date_last_modified":"2014-01-24T08:07:10Z","date_onsale":"2014-01-22T19:35:32Z","description":"Above and Beyond Tickets (21+ Event)","desc_sort":"Above and Beyond Tickets (21+ Event)","eventDate_facet_str":"January, 2014|2014-01","eventGenreParentDescription_facet_str":"Above and Beyond Tickets|494083","eventGeoDescription":"Hakkasan at MGM Grand","eventGeoDescription_text":"Hakkasan at MGM Grand","eventLocation_facet_str":"Nevada, Las Vegas|689","event_date":"2014-01-24T06:30:00Z","event_date_local":"2014-01-23","event_date_time_local":"2014-01-23T22:30:00Z","event_time_local":"22:30:00","event_type":"4455175,","evt_segmentation_id":"0","genreDateDesc":"music-genre-dance-music-tickets,,Concert ticket, concert tickets, buy, sell, ticket, tickets","genreUrlPath":"above-and-beyond-tickets","genre_grand_parent_id":"63910","genre_grand_parent_name":"Artists A - C","genre_parent":"494083","genre_parent_name":"Above and Beyond Tickets","geoEventTypes":"other-venues","geoUrlPath":"hakkasan-at-mgm-grand-tickets","geography_parent":"214226","hide_event_date":"0","image_url":"stubhub_601174_NightclubMaleFemaleGA_TextOnly.png","is_eticket_allowed":"0","is_integrated_team":"N","keywords":"Above and Beyond, , Above and Beyond Hakkasan at MGM Grand, Above and Beyond Las Vegas,Above and Beyond Concert, buy, sell, ticket, tickets","last_chance":"2014-01-24T06:30:00Z","maxPrice":0.0,"maxSeatsTogether":0.0,"meta_description":"Above and Beyond Hakkasan at MGM Grand Tickets - Buy and sell Above and Beyond Las Vegas Tickets for January 23 at Hakkasan at MGM Grand in Las Vegas, NV on StubHub!","minPrice":0.0,"minSeatsTogether":0.0,"name_primary":"Hakkasan at MGM Grand","name_secondary":"Above and Beyond","nickname":"concerts","seo_description":"Above and Beyond at Hakkasan at MGM Grand","seo_title":"Above and Beyond Hakkasan at MGM Grand Las Vegas Tickets - 2014-1-23","spark_event_flag":"0","state":"NV","threeLevelsUpIds":"494083 63910 1","title":"Above and Beyond Las Vegas Tickets - Above and Beyond 01/23/2014 Hakkasan at MGM Grand Tickets on StubHub!","totalPostings":0,"totalTickets":0.0,"type_id":"0","urlpath":"above-and-beyond-las-vegas-hakkasan-at-mgm-grand-23-1-2014-4455175","urlpathid":"2511269","venue_config_id":"601174","venue_name":"Hakkasan at MGM Grand","venue_name_text":"Hakkasan at MGM Grand","venueconfigurationid":"601174","zip":"89109","defaultDomain":"stubhub.com","allowedViewingDomain":["stubhub.com"],"artistPrimaryStyle":"195489","genreStartingAlphabet":["a"],"is_event_package":"0","latitude":36.10248,"longitude":-115.17148,"lat_lon":"36.10248184,-115.17148","date_added":"2014-01-22T19:35:32Z","event_status_id":5,"ancestorGenreDescriptions":["All tickets","Concert tickets","Artists A - C","Above and Beyond Tickets"],"ancestorGeoDescriptions":["By Geography","United States","Nevada","Las Vegas","Hakkasan at MGM Grand"],"timezone":"PST","timezone_id":"5","venue_config_name":"Male Female GA","updateInitiatedTimestamp":"2014-02-20T04:01:05.324Z","book_of_business_id":1,"currency_code":"USD","event_config_template_id":"1","event_config_template":"Concert","locale":["en_US"],"keywords_en_US":"Above and Beyond, , Above and Beyond Hakkasan at MGM Grand, Above and Beyond Las Vegas,Above and Beyond Concert, buy, sell, ticket, tickets","event_type_en_US":"4455175,","seo_title_en_US":"Above and Beyond Hakkasan at MGM Grand Las Vegas Tickets - 2014-1-23","seo_description_en_US":"Above and Beyond at Hakkasan at MGM Grand","name_primary_en_US":"Hakkasan at MGM Grand","name_secondary_en_US":"Above and Beyond","act_primary_en_US":"Above and Beyond","title_en_US":"Above and Beyond Las Vegas Tickets - Above and Beyond 01/23/2014 Hakkasan at MGM Grand Tickets on StubHub!","meta_description_en_US":"Above and Beyond Hakkasan at MGM Grand Tickets - Buy and sell Above and Beyond Las Vegas Tickets for January 23 at Hakkasan at MGM Grand in Las Vegas, NV on StubHub!","event_description_en_US":"Above and Beyond Tickets (21+ Event)","jdk_timezone":"US/Pacific","ptv_integrated_event_ind":0,"venueDetailUrlPath":"hakkasan-at-mgm-grand","access_control_method":0,"is_scrubbing_enabled":"0","view_from_section_ind":0,"bundled_type":"2","hide_event_time":0,"minListPrice":0.0,"venue_config_map_type":0,"addr1":"3799 South Las Vegas Boulevard","country":"US","ancestorCategoryPath":"1","ancestorGroupingPath":"63910","ancestorPerformerPath":"494083","ancestorGroupingDescriptions":["Artists A - C"],"ancestorCategoryDescriptions":["Concert tickets"],"ancestorPerformerDescriptions":["Above and Beyond Tickets"],"ancestorGeoPath":"196976/688/689","dateLastIndexed":"2014-02-20T04:05:00.817Z","_version_":1460529111550132224},{"stubhubDocumentId":"event-4465412","stubhubDocumentType":"event","event_id":"4465412","act_primary":"Above and Beyond","id":"4465412","active":"1","cancelled":"0","allowedtoconfirm":"1","allowedtosell":"1","ancestorGenreIds":"0 1 63910 494083","ancestorGeoIds":"0 196976 524 525 213247","channel":"Concert tickets","channelId":"1","channelUrlPath":"concert-tickets","channel_facet_str":"Concert tickets|1","city":"Washington","date_confirm":"2014-02-10T19:33:02Z","date_inhand":"2014-02-11T19:33:56Z","date_last_modified":"2014-02-11T19:33:56Z","date_onsale":"2014-02-11T19:33:02Z","description":"Above and Beyond Tickets (18+ Event)","desc_sort":"Above and Beyond Tickets (18+ Event)","eventDate_facet_str":"March, 2014|2014-03","eventGenreParentDescription_facet_str":"Above and Beyond Tickets|494083","eventGeoDescription":"Echo Stage","eventGeoDescription_text":"Echo Stage","eventLocation_facet_str":"District of Columbia, Washington DC Metro|525","event_date":"2014-03-29T01:00:00Z","event_date_local":"2014-03-28","event_date_time_local":"2014-03-28T21:00:00Z","event_time_local":"21:00:00","event_type":"4465412,","evt_segmentation_id":"0","genreDateDesc":"music-genre-dance-music-tickets,,Concert ticket, concert tickets, buy, sell, ticket, tickets","genreUrlPath":"above-and-beyond-tickets","genre_grand_parent_id":"63910","genre_grand_parent_name":"Artists A - C","genre_parent":"494083","genre_parent_name":"Above and Beyond Tickets","geoEventTypes":"clubs-bars-theater-venues","geoUrlPath":"echo-stage-tickets","geography_parent":"213247","hide_event_date":"0","is_eticket_allowed":"0","is_integrated_team":"N","keywords":"Above and Beyond, , Above and Beyond Echo Stage, Above and Beyond Washington,Above and Beyond Concert, buy, sell, ticket, tickets","last_chance":"2014-03-29T01:00:00Z","maxPrice":500.0,"maxSeatsTogether":24.0,"meta_description":"Above and Beyond Echo Stage Tickets - Buy and sell Above and Beyond Washington Tickets for March 28 at Echo Stage in Washington, DC on StubHub!","minPrice":76.77,"minSeatsTogether":1.0,"name_primary":"Echo Stage","name_secondary":"Above and Beyond","nickname":"concerts","seo_description":"Above and Beyond at Echo Stage","seo_title":"Above and Beyond Echo Stage Washington Tickets - 2014-3-28","spark_event_flag":"0","state":"DC","threeLevelsUpIds":"494083 63910 1","title":"Above and Beyond Washington Tickets - Above and Beyond 03/28/2014 Echo Stage Tickets on StubHub!","totalPostings":119,"totalTickets":584.0,"type_id":"0","urlpath":"above-and-beyond-washington-echo-stage-28-3-2014-4465412","urlpathid":"2522176","venue_config_id":"596065","venue_name":"Echo Stage","venue_name_text":"Echo Stage","venueconfigurationid":"596065","zip":"20018","zoneDescriptions":"|GA","zoneIds":"96581","defaultDomain":"stubhub.com","allowedViewingDomain":["stubhub.com"],"artistPrimaryStyle":"195489","genreStartingAlphabet":["a"],"is_event_package":"0","latitude":38.91985,"longitude":-76.97282,"lat_lon":"38.91984858,-76.97282","date_added":"2014-02-11T19:33:02Z","event_status_id":2,"ancestorGenreDescriptions":["All tickets","Concert tickets","Artists A - C","Above and Beyond Tickets"],"ancestorGeoDescriptions":["By Geography","United States","District of Columbia","Washington DC Metro","Echo Stage"],"timezone":"EST","timezone_id":"2","venue_config_name":"General Admission - Dynamic","updateInitiatedTimestamp":"2014-02-20T04:47:59.609Z","book_of_business_id":1,"currency_code":"USD","event_config_template_id":"1","event_config_template":"Concert","venue_configuration_version":"1","locale":["en_US"],"keywords_en_US":"Above and Beyond, , Above and Beyond Echo Stage, Above and Beyond Washington,Above and Beyond Concert, buy, sell, ticket, tickets","event_type_en_US":"4465412,","seo_title_en_US":"Above and Beyond Echo Stage Washington Tickets - 2014-3-28","seo_description_en_US":"Above and Beyond at Echo Stage","name_primary_en_US":"Echo Stage","name_secondary_en_US":"Above and Beyond","act_primary_en_US":"Above and Beyond","title_en_US":"Above and Beyond Washington Tickets - Above and Beyond 03/28/2014 Echo Stage Tickets on StubHub!","meta_description_en_US":"Above and Beyond Echo Stage Tickets - Buy and sell Above and Beyond Washington Tickets for March 28 at Echo Stage in Washington, DC on StubHub!","event_description_en_US":"Above and Beyond Tickets (18+ Event)","jdk_timezone":"US/Eastern","ptv_integrated_event_ind":0,"venueDetailUrlPath":"echo-stage","access_control_method":0,"is_scrubbing_enabled":"1","view_from_section_ind":0,"bundled_type":"2","hide_event_time":0,"minListPrice":67.0,"venue_config_map_type":4,"addr1":"2135 Queens Chapel Road Northeast","country":"US","ancestorCategoryPath":"1","ancestorGroupingPath":"63910","ancestorPerformerPath":"494083","ancestorGroupingDescriptions":["Artists A - C"],"ancestorCategoryDescriptions":["Concert tickets"],"ancestorPerformerDescriptions":["Above and Beyond Tickets"],"ancestorGeoPath":"196976/524/525","dateLastIndexed":"2014-02-20T04:48:00.526Z","_version_":1460531815873773568},{"stubhubDocumentId":"event-8988069","stubhubDocumentType":"event","event_id":"8988069","act_primary":"South West Four","act_secondary":"above and beyond","id":"8988069","active":"1","cancelled":"0","allowedtoconfirm":"1","allowedtosell":"1","ancestorGenreIds":"0 1 63913 712744","ancestorGeoIds":"0 6628 201883 6629 209200","channel":"Concert tickets","channelId":"1","channelUrlPath":"concert-tickets","channel_facet_str":"Concert tickets|1","city":"London","date_confirm":"2014-02-16T15:41:54Z","date_inhand":"2014-02-17T15:41:54Z","date_last_modified":"2014-02-18T17:59:59Z","date_onsale":"2014-02-17T15:41:54Z","description":"South West Four Tickets (WEEKEND PASS) featuring Above and Beyond","desc_sort":"South West Four Tickets (WEEKEND PASS) featuring Above and Beyond","eventDate_facet_str":"August, 2014|2014-08","eventGenreParentDescription_facet_str":"South West Four Tickets|712744","eventGeoDescription":"Clapham Common","eventGeoDescription_text":"Clapham Common","eventLocation_facet_str":"Greater and Central London, London|6629","event_date":"2014-08-23T11:00:00Z","event_date_local":"2014-08-23","event_date_time_local":"2014-08-23T12:00:00Z","event_time_local":"12:00:00","event_type":"8988069, above and beyond, sw4, south west","evt_segmentation_id":"0","genreDateDesc":"South West Four Concert Dates, South West Four Schedule, South West Four tickets for sale, Buy or sell South West Four lineup, sw4,Artists P S,Artists P S Concert, buy, sell, tickets,Concert ticket, concert tickets, buy, sell, ticket, tickets","genreUrlPath":"south-west-four-tickets","genre_grand_parent_id":"63913","genre_grand_parent_name":"Artists P - S","genre_parent":"712744","genre_parent_name":"South West Four Tickets","geoEventTypes":"","geoUrlPath":"clapham-common-tickets","geography_parent":"209200","hide_event_date":"0","image_url":"stubhub_602507_FreezeFest_SunPass.png","is_eticket_allowed":"0","is_integrated_team":"N","keywords":"South West Four, above and beyond, South West Four Clapham Common, South West Four London,South West Four Concert, buy, sell, ticket, tickets","last_chance":"2014-08-23T11:00:00Z","maxPrice":138.25,"maxSeatsTogether":6.0,"meta_description":"South West Four Clapham Common Tickets - Buy and sell South West Four London Tickets for 23 August at Clapham Common in London on StubHub UK!","minPrice":158.99,"minSeatsTogether":6.0,"name_primary":"Clapham Common","name_secondary":"South West Four","nickname":"concerts","seo_description":"South West Four at Clapham Common","seo_title":"South West Four Clapham Common London Tickets - 23/8/2014","spark_event_flag":"0","state":"LND","threeLevelsUpIds":"712744 63913 1","title":"South West Four London Tickets - South West Four Clapham Common 23/8/2014 on StubHub!","totalPostings":1,"totalTickets":6.0,"type_id":"0","urlpath":"south-west-four-london-clapham-common-23-8-2014-8988069","urlpathid":"5063404","venue_config_id":"602507","venue_name":"Clapham Common","venue_name_text":"Clapham Common","venueconfigurationid":"602507","zip":"SW4 9DE","accompanyingAct":["494083"],"defaultDomain":"stubhub.co.uk","allowedViewingDomain":["stubhub.co.uk"],"artistPrimaryStyle":"195489","artistSecondaryStyle":["441193"],"genreStartingAlphabet":["s"],"is_event_package":"0","latitude":51.458,"longitude":-0.1493355,"lat_lon":"51.4579988,-0.1493355","date_added":"2014-02-17T15:41:50Z","event_status_id":2,"ancestorGenreDescriptions":["All tickets","Concert tickets","Artists P - S","South West Four Tickets"],"ancestorGeoDescriptions":["By Geography","United Kingdom","Greater and Central London","London","Clapham Common"],"timezone":"GMT","timezone_id":"8","venue_config_name":"Freeze Festival Sunday Pass","updateInitiatedTimestamp":"2014-02-20T03:15:33.976Z","book_of_business_id":2,"currency_code":"GBP","event_config_template_id":"1","event_config_template":"Concert","locale":["en_GB"],"keywords_en_GB":"South West Four, above and beyond, South West Four Clapham Common, South West Four London,South West Four Concert, buy, sell, ticket, tickets","event_type_en_GB":"8988069, above and beyond, sw4, south west","seo_title_en_GB":"South West Four Clapham Common London Tickets - 23/8/2014","seo_description_en_GB":"South West Four at Clapham Common","name_primary_en_GB":"Clapham Common","name_secondary_en_GB":"South West Four","act_primary_en_GB":"South West Four","act_secondary_en_GB":"above and beyond","title_en_GB":"South West Four London Tickets  - South West Four  Clapham Common 23/8/2014 on StubHub!","meta_description_en_GB":"South West Four Clapham Common Tickets - Buy and sell South West Four London Tickets for 23 August at Clapham Common in London on StubHub UK!","event_description_en_GB":"South West Four Tickets (WEEKEND PASS) featuring Above and Beyond","jdk_timezone":"Europe/London","date_true_onsale":"2014-02-21T13:00:00Z","ptv_integrated_event_ind":0,"venueDetailUrlPath":"clapham-common","access_control_method":0,"is_scrubbing_enabled":"0","view_from_section_ind":0,"bundled_type":"2","hide_event_time":0,"minListPrice":138.25,"venue_config_map_type":0,"addr1":"Windmill Drive","country":"GB","ancestorCategoryPath":"1","ancestorGroupingPath":"63913","ancestorPerformerPath":"712744","ancestorGroupingDescriptions":["Artists P - S"],"ancestorCategoryDescriptions":["Concert tickets"],"ancestorPerformerDescriptions":["South West Four Tickets"],"ancestorGeoPath":"6628/201883/6629","dateLastIndexed":"2014-02-20T03:15:34.783Z","_version_":1460526000885465088},{"stubhubDocumentId":"event-4461403","stubhubDocumentType":"event","event_id":"4461403","act_primary":"Above and Beyond with Mark Eteson","id":"4461403","active":"1","cancelled":"0","allowedtoconfirm":"1","allowedtosell":"1","ancestorGenreIds":"0 1 63910 494083","ancestorGeoIds":"0 196976 688 689 214226","channel":"Concert tickets","channelId":"1","channelUrlPath":"concert-tickets","channel_facet_str":"Concert tickets|1","city":"Las Vegas","date_confirm":"2014-02-02T21:48:55Z","date_inhand":"2014-02-03T21:48:55Z","date_last_modified":"2014-02-03T21:49:07Z","date_onsale":"2014-02-03T21:48:55Z","description":"Above and Beyond with Mark Eteson Tickets (21+ Event)","desc_sort":"Above and Beyond with Mark Eteson Tickets (21+ Event)","eventDate_facet_str":"March, 2014|2014-03","eventGenreParentDescription_facet_str":"Above and Beyond Tickets|494083","eventGeoDescription":"Hakkasan at MGM Grand","eventGeoDescription_text":"Hakkasan at MGM Grand","eventLocation_facet_str":"Nevada, Las Vegas|689","event_date":"2014-03-31T05:30:00Z","event_date_local":"2014-03-30","event_date_time_local":"2014-03-30T22:30:00Z","event_time_local":"22:30:00","event_type":"4461403,","evt_segmentation_id":"0","genreDateDesc":"music-genre-dance-music-tickets,,Concert ticket, concert tickets, buy, sell, ticket, tickets","genreUrlPath":"above-and-beyond-tickets","genre_grand_parent_id":"63910","genre_grand_parent_name":"Artists A - C","genre_parent":"494083","genre_parent_name":"Above and Beyond Tickets","geoEventTypes":"other-venues","geoUrlPath":"hakkasan-at-mgm-grand-tickets","geography_parent":"214226","hide_event_date":"0","image_url":"stubhub_601174_NightclubMaleFemaleGA_TextOnly.png","is_eticket_allowed":"0","is_integrated_team":"N","keywords":"Above and Beyond with Mark Eteson, , Above and Beyond with Mark Eteson Hakkasan at MGM Grand, Above and Beyond with Mark Eteson Las Vegas,Above and Beyond with Mark Eteson Concert, buy, sell, ticket, tickets","last_chance":"2014-03-31T05:30:00Z","maxPrice":0.0,"maxSeatsTogether":0.0,"meta_description":"Above and Beyond with Mark Eteson Hakkasan at MGM Grand Tickets - Buy and sell Above and Beyond with Mark Eteson Las Vegas Tickets for March 30 at Hakkasan at MGM Grand in Las Vegas, NV on StubHub!","minPrice":0.0,"minSeatsTogether":0.0,"name_primary":"Hakkasan at MGM Grand","name_secondary":"Above and Beyond with Mark Eteson","nickname":"concerts","seo_description":"Above and Beyond with Mark Eteson at Hakkasan at MGM Grand","seo_title":"Above and Beyond with Mark Eteson Hakkasan at MGM Grand Las Vegas Tickets - 2014-3-30","spark_event_flag":"0","state":"NV","threeLevelsUpIds":"494083 63910 1","title":"Above and Beyond with Mark Eteson Las Vegas Tickets - Above and Beyond with Mark Eteson 03/30/2014 Hakkasan at MGM Grand Tickets on StubHub!","totalPostings":0,"totalTickets":0.0,"type_id":"0","urlpath":"above-and-beyond-with-mark-eteson-las-vegas-hakkasan-at-mgm-grand-30-3-2014-4461403","urlpathid":"2517936","venue_config_id":"601174","venue_name":"Hakkasan at MGM Grand","venue_name_text":"Hakkasan at MGM Grand","venueconfigurationid":"601174","zip":"89109","defaultDomain":"stubhub.com","allowedViewingDomain":["stubhub.com"],"artistPrimaryStyle":"195489","genreStartingAlphabet":["a"],"is_event_package":"0","latitude":36.10248,"longitude":-115.17148,"lat_lon":"36.10248184,-115.17148","date_added":"2014-02-03T21:48:55Z","event_status_id":2,"ancestorGenreDescriptions":["All tickets","Concert tickets","Artists A - C","Above and Beyond Tickets"],"ancestorGeoDescriptions":["By Geography","United States","Nevada","Las Vegas","Hakkasan at MGM Grand"],"timezone":"PST","timezone_id":"5","venue_config_name":"Male Female GA","updateInitiatedTimestamp":"2014-02-20T04:00:53.559Z","book_of_business_id":1,"currency_code":"USD","event_config_template_id":"1","event_config_template":"Concert","locale":["en_US"],"keywords_en_US":"Above and Beyond with Mark Eteson, , Above and Beyond with Mark Eteson Hakkasan at MGM Grand, Above and Beyond with Mark Eteson Las Vegas,Above and Beyond with Mark Eteson Concert, buy, sell, ticket, tickets","event_type_en_US":"4461403,","seo_title_en_US":"Above and Beyond with Mark Eteson Hakkasan at MGM Grand Las Vegas Tickets - 2014-3-30","seo_description_en_US":"Above and Beyond with Mark Eteson at Hakkasan at MGM Grand","name_primary_en_US":"Hakkasan at MGM Grand","name_secondary_en_US":"Above and Beyond with Mark Eteson","act_primary_en_US":"Above and Beyond with Mark Eteson","title_en_US":"Above and Beyond with Mark Eteson Las Vegas Tickets - Above and Beyond with Mark Eteson 03/30/2014 Hakkasan at MGM Grand Tickets on StubHub!","meta_description_en_US":"Above and Beyond with Mark Eteson Hakkasan at MGM Grand Tickets - Buy and sell Above and Beyond with Mark Eteson Las Vegas Tickets for March 30 at Hakkasan at MGM Grand in Las Vegas, NV on StubHub!","event_description_en_US":"Above and Beyond with Mark Eteson Tickets (21+ Event)","jdk_timezone":"US/Pacific","ptv_integrated_event_ind":0,"venueDetailUrlPath":"hakkasan-at-mgm-grand","access_control_method":0,"is_scrubbing_enabled":"0","view_from_section_ind":0,"bundled_type":"2","hide_event_time":0,"minListPrice":0.0,"venue_config_map_type":0,"addr1":"3799 South Las Vegas Boulevard","country":"US","ancestorCategoryPath":"1","ancestorGroupingPath":"63910","ancestorPerformerPath":"494083","ancestorGroupingDescriptions":["Artists A - C"],"ancestorCategoryDescriptions":["Concert tickets"],"ancestorPerformerDescriptions":["Above and Beyond Tickets"],"ancestorGeoPath":"196976/688/689","dateLastIndexed":"2014-02-20T04:04:18.354Z","_version_":1460529068437929984},{"stubhubDocumentId":"event-8988070","stubhubDocumentType":"event","event_id":"8988070","act_primary":"South West Four","act_secondary":"above and beyond","id":"8988070","active":"1","cancelled":"0","allowedtoconfirm":"1","allowedtosell":"1","ancestorGenreIds":"0 1 63913 712744","ancestorGeoIds":"0 6628 201883 6629 209200","channel":"Concert tickets","channelId":"1","channelUrlPath":"concert-tickets","channel_facet_str":"Concert tickets|1","city":"London","date_confirm":"2014-02-16T15:42:45Z","date_inhand":"2014-02-17T15:42:45Z","date_last_modified":"2014-02-18T17:59:59Z","date_onsale":"2014-02-17T15:42:45Z","description":"South West Four Tickets (SATURDAY ONLY PASS) featuring Above and Beyond","desc_sort":"South West Four Tickets (SATURDAY ONLY PASS) featuring Above and Beyond","eventDate_facet_str":"August, 2014|2014-08","eventGenreParentDescription_facet_str":"South West Four Tickets|712744","eventGeoDescription":"Clapham Common","eventGeoDescription_text":"Clapham Common","eventLocation_facet_str":"Greater and Central London, London|6629","event_date":"2014-08-23T11:30:00Z","event_date_local":"2014-08-23","event_date_time_local":"2014-08-23T12:30:00Z","event_time_local":"12:30:00","event_type":"8988070, above and beyond, sw4","evt_segmentation_id":"0","genreDateDesc":"South West Four Concert Dates, South West Four Schedule, South West Four tickets for sale, Buy or sell South West Four lineup, sw4,Artists P S,Artists P S Concert, buy, sell, tickets,Concert ticket, concert tickets, buy, sell, ticket, tickets","genreUrlPath":"south-west-four-tickets","genre_grand_parent_id":"63913","genre_grand_parent_name":"Artists P - S","genre_parent":"712744","genre_parent_name":"South West Four Tickets","geoEventTypes":"","geoUrlPath":"clapham-common-tickets","geography_parent":"209200","hide_event_date":"0","image_url":"stubhub_602507_FreezeFest_SunPass.png","is_eticket_allowed":"0","is_integrated_team":"N","keywords":"South West Four, above and beyond, South West Four Clapham Common, South West Four London,South West Four Concert, buy, sell, ticket, tickets","last_chance":"2014-08-23T11:30:00Z","maxPrice":118.0,"maxSeatsTogether":8.0,"meta_description":"South West Four Clapham Common Tickets - Buy and sell South West Four London Tickets for 23 August at Clapham Common in London on StubHub UK!","minPrice":91.6,"minSeatsTogether":2.0,"name_primary":"Clapham Common","name_secondary":"South West Four","nickname":"concerts","seo_description":"South West Four at Clapham Common","seo_title":"South West Four Clapham Common London Tickets - 23/8/2014","spark_event_flag":"0","state":"LND","threeLevelsUpIds":"712744 63913 1","title":"South West Four London Tickets - South West Four Clapham Common 23/8/2014 on StubHub!","totalPostings":4,"totalTickets":24.0,"type_id":"0","urlpath":"south-west-four-london-clapham-common-23-8-2014-8988070","urlpathid":"5063405","venue_config_id":"602507","venue_name":"Clapham Common","venue_name_text":"Clapham Common","venueconfigurationid":"602507","zip":"SW4 9DE","accompanyingAct":["494083"],"defaultDomain":"stubhub.co.uk","allowedViewingDomain":["stubhub.co.uk"],"artistPrimaryStyle":"195489","artistSecondaryStyle":["441193"],"genreStartingAlphabet":["s"],"is_event_package":"0","latitude":51.458,"longitude":-0.1493355,"lat_lon":"51.4579988,-0.1493355","date_added":"2014-02-17T15:42:41Z","event_status_id":2,"ancestorGenreDescriptions":["All tickets","Concert tickets","Artists P - S","South West Four Tickets"],"ancestorGeoDescriptions":["By Geography","United Kingdom","Greater and Central London","London","Clapham Common"],"timezone":"GMT","timezone_id":"8","venue_config_name":"Freeze Festival Sunday Pass","updateInitiatedTimestamp":"2014-02-20T04:35:35.148Z","book_of_business_id":2,"currency_code":"GBP","event_config_template_id":"1","event_config_template":"Concert","locale":["en_GB"],"keywords_en_GB":"South West Four, above and beyond, South West Four Clapham Common, South West Four London,South West Four Concert, buy, sell, ticket, tickets","event_type_en_GB":"8988070, above and beyond, sw4","seo_title_en_GB":"South West Four Clapham Common London Tickets - 23/8/2014","seo_description_en_GB":"South West Four at Clapham Common","name_primary_en_GB":"Clapham Common","name_secondary_en_GB":"South West Four","act_primary_en_GB":"South West Four","act_secondary_en_GB":"above and beyond","title_en_GB":"South West Four London Tickets  - South West Four  Clapham Common 23/8/2014 on StubHub!","meta_description_en_GB":"South West Four Clapham Common Tickets - Buy and sell South West Four London Tickets for 23 August at Clapham Common in London on StubHub UK!","event_description_en_GB":"South West Four Tickets (SATURDAY ONLY PASS) featuring Above and Beyond","jdk_timezone":"Europe/London","date_true_onsale":"2014-02-21T13:00:00Z","ptv_integrated_event_ind":0,"venueDetailUrlPath":"clapham-common","access_control_method":0,"is_scrubbing_enabled":"0","view_from_section_ind":0,"bundled_type":"2","hide_event_time":0,"minListPrice":79.65,"venue_config_map_type":0,"addr1":"Windmill Drive","country":"GB","ancestorCategoryPath":"1","ancestorGroupingPath":"63913","ancestorPerformerPath":"712744","ancestorGroupingDescriptions":["Artists P - S"],"ancestorCategoryDescriptions":["Concert tickets"],"ancestorPerformerDescriptions":["South West Four Tickets"],"ancestorGeoPath":"6628/201883/6629","dateLastIndexed":"2014-02-20T04:35:36.317Z","_version_":1460531035400830976}]}}
    http_version: 
  recorded_at: Thu, 20 Feb 2014 05:18:20 GMT
- request:
    method: get
    uri: http://partner-feed.stubhub.com/listingCatalog/select/?q=event_id:%224187540%22%20AND%20stubhubDocumentType:%22event%22&rows=999999&wt=json
    body:
      encoding: US-ASCII
      string: ''
    headers: {}
  response:
    status:
      code: 200
      message: OK
    headers:
      Server:
      - Apache
      Content-Length:
      - '187'
      Content-Type:
      - application/json;charset=UTF-8
      Cache-Control:
      - public, max-age=7192
      Expires:
      - Thu, 20 Feb 2014 07:18:13 GMT
      Date:
      - Thu, 20 Feb 2014 05:18:21 GMT
      Connection:
      - keep-alive
    body:
      encoding: UTF-8
      string: |
        {"responseHeader":{"status":0,"QTime":2,"params":{"q":"event_id:\"4187540\" AND stubhubDocumentType:\"event\"","wt":"json","rows":"60000"}},"response":{"numFound":0,"start":0,"docs":[]}}
    http_version: 
  recorded_at: Thu, 20 Feb 2014 05:18:21 GMT
- request:
    method: get
    uri: http://partner-feed.stubhub.com/listingCatalog/select/?q=event_id:%224449625%22%20AND%20stubhubDocumentType:%22event%22&rows=999999&wt=json
    body:
      encoding: US-ASCII
      string: ''
    headers: {}
  response:
    status:
      code: 200
      message: OK
    headers:
      Server:
      - Apache
      Content-Length:
      - '5559'
      Content-Type:
      - application/json;charset=UTF-8
      Cache-Control:
      - public, max-age=7200
      Expires:
      - Thu, 20 Feb 2014 07:32:40 GMT
      Date:
      - Thu, 20 Feb 2014 05:32:40 GMT
      Connection:
      - keep-alive
    body:
      encoding: UTF-8
      string: |
        {"responseHeader":{"status":0,"QTime":6,"params":{"q":"event_id:\"4449625\" AND stubhubDocumentType:\"event\"","wt":"json","rows":"60000"}},"response":{"numFound":1,"start":0,"docs":[{"stubhubDocumentId":"event-4449625","stubhubDocumentType":"event","event_id":"4449625","act_primary":"Bruno Mars","id":"4449625","active":"1","cancelled":"0","allowedtoconfirm":"1","allowedtosell":"1","ancestorGenreIds":"0 1 63910 492103","ancestorGeoIds":"0 196976 521 522 3642","channel":"Concert tickets","channelId":"1","channelUrlPath":"concert-tickets","channel_facet_str":"Concert tickets|1","city":"Hershey","date_confirm":"2014-01-14T03:31:41Z","date_inhand":"2014-01-15T03:31:41Z","date_last_modified":"2014-01-30T23:16:28Z","date_onsale":"2014-01-15T03:31:41Z","description":"The Moonshine Jungle Tour - Bruno Mars Tickets","desc_sort":"The Moonshine Jungle Tour - Bruno Mars Tickets","eventDate_facet_str":"July, 2014|2014-07","eventGenreParentDescription_facet_str":"Bruno Mars Tickets|492103","eventGeoDescription":"Hersheypark Stadium","eventGeoDescription_text":"Hersheypark Stadium","eventLocation_facet_str":"Pennsylvania, Philadelphia|522","event_date":"2014-07-13T00:00:00Z","event_date_local":"2014-07-12","event_date_time_local":"2014-07-12T20:00:00Z","event_time_local":"20:00:00","event_type":"4449625, ","evt_segmentation_id":"0","genreDateDesc":"music-genre-pop-music-tickets,,Concert ticket, concert tickets, buy, sell, ticket, tickets","genreUrlPath":"bruno-mars-tickets","genre_grand_parent_id":"63910","genre_grand_parent_name":"Artists A - C","genre_parent":"492103","genre_parent_name":"Bruno Mars Tickets","geoEventTypes":"stadium-venues","geoUrlPath":"hersheypark-stadium-event-tickets","geography_parent":"3642","hide_event_date":"0","image_url":"stubhub_4383_HersheyPark_Concert.png","is_eticket_allowed":"0","is_integrated_team":"N","keywords":"Bruno Mars, , Bruno Mars Star Pavilion at Hersheypark Stadium, Bruno Mars Hershey,Bruno Mars Concert, buy, sell, ticket, tickets","last_chance":"2014-07-13T00:00:00Z","maxPrice":9999.0,"maxSeatsTogether":43.0,"meta_description":"Bruno Mars Star Pavilion at Hersheypark Stadium Tickets - Buy and sell Bruno Mars Hershey Tickets for July 12 at Star Pavilion at Hersheypark Stadium in Hershey, PA on StubHub!","minPrice":83.99,"minSeatsTogether":1.0,"name_primary":"Star Pavilion at Hersheypark Stadium","name_secondary":"Bruno Mars","nickname":"concerts","seo_description":"Bruno Mars at Star Pavilion at Hersheypark Stadium","seo_title":"Bruno Mars Star Pavilion at Hersheypark Stadium Hershey Tickets - 2014-7-12","spark_event_flag":"0","state":"PA","threeLevelsUpIds":"492103 63910 1","title":"Bruno Mars Hershey Tickets - Bruno Mars 07/12/2014 Star Pavilion at Hersheypark Stadium Tickets on StubHub!","totalPostings":671,"totalTickets":3296.0,"type_id":"0","urlpath":"bruno-mars-hershey-hersheypark-stadium-12-7-2014-4449625","urlpathid":"2505418","venue_config_id":"4383","venue_name":"Hersheypark Stadium","venue_name_text":"Hersheypark Stadium","venueconfigurationid":"4383","zip":"17033","zoneDescriptions":"|Floor |Stands |Wheelchair Accessible","zoneIds":"16769 16770 96447","accompanyingAct":["739297"],"defaultDomain":"stubhub.com","allowedViewingDomain":["stubhub.com"],"artistPrimaryStyle":"441193","artistSecondaryStyle":["195743"],"genreStartingAlphabet":["b"],"is_event_package":"0","latitude":40.290714,"longitude":-76.66028,"lat_lon":"40.290715,-76.66028","date_added":"2014-01-15T03:31:41Z","event_status_id":2,"ancestorGenreDescriptions":["All tickets","Concert tickets","Artists A - C","Bruno Mars Tickets"],"ancestorGeoDescriptions":["By Geography","United States","Pennsylvania","Philadelphia","Hersheypark Stadium"],"timezone":"EST","timezone_id":"2","venue_config_name":"Endstage - Dynamic","updateInitiatedTimestamp":"2014-02-20T05:18:24.610Z","book_of_business_id":1,"currency_code":"USD","event_config_template_id":"1","event_config_template":"Concert","venue_configuration_version":"2","locale":["en_US"],"keywords_en_US":"Bruno Mars, , Bruno Mars Star Pavilion at Hersheypark Stadium, Bruno Mars Hershey,Bruno Mars Concert, buy, sell, ticket, tickets","event_type_en_US":"4449625, ","seo_title_en_US":"Bruno Mars Star Pavilion at Hersheypark Stadium Hershey Tickets - 2014-7-12","seo_description_en_US":"Bruno Mars at Star Pavilion at Hersheypark Stadium","name_primary_en_US":"Star Pavilion at Hersheypark Stadium","name_secondary_en_US":"Bruno Mars","act_primary_en_US":"Bruno Mars","title_en_US":"Bruno Mars Hershey Tickets - Bruno Mars 07/12/2014 Star Pavilion at Hersheypark Stadium Tickets on StubHub!","meta_description_en_US":"Bruno Mars Star Pavilion at Hersheypark Stadium Tickets - Buy and sell Bruno Mars Hershey Tickets for July 12 at Star Pavilion at Hersheypark Stadium in Hershey, PA on StubHub!","event_description_en_US":"The Moonshine Jungle Tour - Bruno Mars Tickets","jdk_timezone":"US/Eastern","ptv_integrated_event_ind":0,"venueDetailUrlPath":"hersheypark-stadium","access_control_method":1,"is_scrubbing_enabled":"1","view_from_section_ind":0,"bundled_type":"2","hide_event_time":0,"minListPrice":74.54,"venue_config_map_type":5,"addr1":"100 W. Hersheypark Dr.","country":"US","ancestorCategoryPath":"1","ancestorGroupingPath":"63910","ancestorPerformerPath":"492103","ancestorGroupingDescriptions":["Artists A - C"],"ancestorCategoryDescriptions":["Concert tickets"],"ancestorPerformerDescriptions":["Bruno Mars Tickets"],"ancestorGeoPath":"196976/521/522","dateLastIndexed":"2014-02-20T05:18:26.468Z","_version_":1460533731577036800}]}}
    http_version: 
  recorded_at: Thu, 20 Feb 2014 05:32:40 GMT
recorded_with: VCR 2.4.0
